2026-07-13 10:33:36,490	INFO usage_lib.py:467 -- Usage stats collection is enabled by default without user confirmation because this terminal is detected to be non-interactive. To disable this, add `--disable-usage-stats` to the command that starts the cluster, or run the following command: `ray disable-usage-stats` before starting the cluster. See https://docs.ray.io/en/master/cluster/usage-stats.html for more details.
2026-07-13 10:33:36,491	INFO scripts.py:861 -- Local node IP: 10.228.136.52
2026-07-13 10:33:39,972	SUCC scripts.py:897 -- --------------------
2026-07-13 10:33:39,972	SUCC scripts.py:898 -- Ray runtime started.
2026-07-13 10:33:39,972	SUCC scripts.py:899 -- --------------------
2026-07-13 10:33:39,972	INFO scripts.py:901 -- Next steps
2026-07-13 10:33:39,972	INFO scripts.py:904 -- To add another node to this Ray cluster, run
2026-07-13 10:33:39,972	INFO scripts.py:907 --   ray start --address='10.228.136.52:6380'
2026-07-13 10:33:39,973	INFO scripts.py:916 -- To connect to this Ray cluster:
2026-07-13 10:33:39,973	INFO scripts.py:918 -- import ray
2026-07-13 10:33:39,973	INFO scripts.py:919 -- ray.init()
2026-07-13 10:33:39,973	INFO scripts.py:950 -- To terminate the Ray runtime, run
2026-07-13 10:33:39,973	INFO scripts.py:951 --   ray stop
2026-07-13 10:33:39,973	INFO scripts.py:954 -- To view the status of the cluster, use
2026-07-13 10:33:39,973	INFO scripts.py:955 --   ray status
Loading prepared dataset...
Building sliding windows (n_lookback=24)...
Train windows: 2,387,456  |  Test windows: 592,384
Training models: ['LSTM', 'BiLSTM', 'GRU', 'BiGRU', 'TCN', 'PatchTST', 'Informer', 'TFT', 'S4D', 'Mamba']
Ray cluster reports 1.0 GPU(s) -- scheduling each model task with num_gpus=0.25
[36m(train_and_evaluate_remote pid=1061576)[0m [LSTM] starting on device=cuda
[36m(train_and_evaluate_remote pid=1061574)[0m [BiLSTM] starting on device=cuda
[36m(train_and_evaluate_remote pid=1061577)[0m [GRU] starting on device=cuda
[36m(train_and_evaluate_remote pid=1061572)[0m [BiGRU] starting on device=cuda

Submitted 10 model training tasks. Waiting for results (each will print as it finishes)...

[36m(train_and_evaluate_remote pid=1061577)[0m [GRU] epoch 1/3  loss=2.01201  (76.7s, 4663 batches)
[36m(train_and_evaluate_remote pid=1061576)[0m [LSTM] epoch 1/3  loss=1.95497  (97.8s, 4663 batches)
[36m(train_and_evaluate_remote pid=1061572)[0m [BiGRU] epoch 1/3  loss=1.87352  (123.0s, 4663 batches)
[36m(train_and_evaluate_remote pid=1061574)[0m [BiLSTM] epoch 1/3  loss=1.83242  (148.6s, 4663 batches)
[36m(train_and_evaluate_remote pid=1061577)[0m [GRU] epoch 2/3  loss=0.97337  (74.5s, 4663 batches)
[36m(train_and_evaluate_remote pid=1061576)[0m [LSTM] epoch 2/3  loss=0.93833  (95.6s, 4663 batches)
[36m(train_and_evaluate_remote pid=1061577)[0m [GRU] epoch 3/3  loss=0.72994  (74.6s, 4663 batches)
>>> [1/10] GRU finished (status=ok, 242.8s)

[36m(train_and_evaluate_remote pid=1061577)[0m [GRU] DONE in 242.8s
[36m(train_and_evaluate_remote pid=1061577)[0m [TCN] starting on device=cuda
[36m(train_and_evaluate_remote pid=1061572)[0m [BiGRU] epoch 2/3  loss=0.83902  (121.4s, 4663 batches)
[36m(train_and_evaluate_remote pid=1061576)[0m [LSTM] epoch 3/3  loss=0.67937  (100.7s, 4663 batches)
[36m(train_and_evaluate_remote pid=1061574)[0m [BiLSTM] epoch 2/3  loss=0.85519  (151.0s, 4663 batches)
>>> [2/10] LSTM finished (status=ok, 315.0s)

[36m(train_and_evaluate_remote pid=1061576)[0m [LSTM] DONE in 315.0s
[36m(train_and_evaluate_remote pid=1061576)[0m [PatchTST] starting on device=cuda
[36m(train_and_evaluate_remote pid=1061577)[0m [TCN] epoch 1/3  loss=1.43148  (138.8s, 4663 batches)
[36m(train_and_evaluate_remote pid=1061572)[0m [BiGRU] epoch 3/3  loss=0.62554  (134.3s, 4663 batches)
>>> [3/10] BiGRU finished (status=ok, 401.0s)

[36m(train_and_evaluate_remote pid=1061572)[0m [BiGRU] DONE in 401.0s
[36m(train_and_evaluate_remote pid=1061572)[0m [Informer] starting on device=cuda
[36m(train_and_evaluate_remote pid=1061576)[0m [PatchTST] epoch 1/3  loss=1.84914  (116.1s, 4663 batches)
[36m(train_and_evaluate_remote pid=1061574)[0m [BiLSTM] epoch 3/3  loss=0.59425  (161.1s, 4663 batches)
>>> [4/10] BiLSTM finished (status=ok, 487.4s)

[36m(train_and_evaluate_remote pid=1061574)[0m [BiLSTM] DONE in 487.4s
[36m(train_and_evaluate_remote pid=1061574)[0m [TFT] starting on device=cuda
[36m(train_and_evaluate_remote pid=1061577)[0m [TCN] epoch 2/3  loss=0.85167  (141.6s, 4663 batches)
[36m(train_and_evaluate_remote pid=1061576)[0m [PatchTST] epoch 2/3  loss=1.05111  (113.6s, 4663 batches)
[36m(train_and_evaluate_remote pid=1061574)[0m [TFT] epoch 1/3  loss=1.99251  (105.0s, 4663 batches)
[36m(train_and_evaluate_remote pid=1061572)[0m [Informer] epoch 1/3  loss=1.80051  (212.5s, 4663 batches)
[36m(train_and_evaluate_remote pid=1061576)[0m [PatchTST] epoch 3/3  loss=0.85329  (109.3s, 4663 batches)
>>> [5/10] PatchTST finished (status=ok, 346.3s)

[36m(train_and_evaluate_remote pid=1061576)[0m [PatchTST] DONE in 346.3s
[36m(train_and_evaluate_remote pid=1061576)[0m [S4D] starting on device=cuda
[36m(train_and_evaluate_remote pid=1061577)[0m [TCN] epoch 3/3  loss=0.70331  (136.1s, 4663 batches)
>>> [6/10] TCN finished (status=ok, 424.4s)

[36m(train_and_evaluate_remote pid=1061577)[0m [TCN] DONE in 424.4s
[36m(train_and_evaluate_remote pid=1061577)[0m [Mamba] starting on device=cuda
[36m(train_and_evaluate_remote pid=1061574)[0m [TFT] epoch 2/3  loss=1.00792  (109.4s, 4663 batches)
[36m(train_and_evaluate_remote pid=1061574)[0m [TFT] epoch 3/3  loss=0.75975  (122.1s, 4663 batches)
>>> [7/10] TFT finished (status=ok, 345.4s)

[36m(train_and_evaluate_remote pid=1061574)[0m [TFT] DONE in 345.4s
[36m(train_and_evaluate_remote pid=1061576)[0m [S4D] epoch 1/3  loss=2.27438  (181.6s, 4663 batches)
[36m(train_and_evaluate_remote pid=1061572)[0m [Informer] epoch 2/3  loss=0.96690  (231.4s, 4663 batches)
[36m(train_and_evaluate_remote pid=1061576)[0m [S4D] epoch 2/3  loss=1.23860  (146.7s, 4663 batches)
[36m(train_and_evaluate_remote pid=1061572)[0m [Informer] epoch 3/3  loss=0.74075  (195.3s, 4663 batches)
>>> [8/10] Informer finished (status=ok, 657.9s)

[36m(train_and_evaluate_remote pid=1061572)[0m [Informer] DONE in 657.9s
[36m(train_and_evaluate_remote pid=1061576)[0m [S4D] epoch 3/3  loss=1.04330  (123.9s, 4663 batches)
>>> [9/10] S4D finished (status=ok, 461.4s)

